===== test1 =====
6
===== test2 =====
[(,let,max,=,(,fun,x,->,(,if,(,x,<=,5,),then,6,else,5,),),in,(,max,(,4,),),)]
===== test3 =====
let max = fun x -> if x <= 5 then 6 else 5 in max (4)
===== test4 =====
-> let max = fun x -> if x <= 5 then 6 else 5 in max (4)
-> fun x -> if x <= 5 then 6 else 5 (4)
-> if 4 <= 5 then 6 else 5
-> if true then 6 else 5
-> 6
===== test5 =====
0
===== test6 =====
[(,3,/,(,2,+,(,5,-,(,6,*,2,),),),)]
===== test7 =====
3 / 2 + 5 - 6 * 2
===== test8 =====
-> 3 / 2 + 5 - 6 * 2
-> 3 / 2 + 5 - 12
-> 3 / 2 + -7
-> 3 / -5
-> 0
===== test9 =====
38
===== test10 =====
[(,if,(,5,<=,3,),then,(,100,-,5,),else,(,33,+,5,),)]
===== test11 =====
if 5 <= 3 then 100 - 5 else 33 + 5
===== test12 =====
-> if 5 <= 3 then 100 - 5 else 33 + 5
-> if false then 100 - 5 else 33 + 5
-> 38
===== test13 =====
1
===== test14 =====
[(,if,(,3,<=,4,),then,(,if,true,then,1,else,2,),else,(,2,+,3,),)]
===== test15 =====
if 3 <= 4 then if true then 1 else 2 else 2 + 3
===== test16 =====
-> if 3 <= 4 then if true then 1 else 2 else 2 + 3
-> if true then if true then 1 else 2 else 2 + 3
-> 1
===== test17 =====
6
===== test18 =====
[(,let,max,=,(,fun,x,->,(,if,(,x,<=,5,),then,6,else,5,),),in,(,max,(,4,),),)]
===== test19 =====
let max = fun x -> if x <= 5 then 6 else 5 in max (4)
===== test20 =====
-> let max = fun x -> if x <= 5 then 6 else 5 in max (4)
-> fun x -> if x <= 5 then 6 else 5 (4)
-> if 4 <= 5 then 6 else 5
-> if true then 6 else 5
-> 6
